// Jest Snapshot v1, https://goo.gl/fbAQLP

exports[`matches snapshot 1`] = `
<Text
  allowFontScaling={false}
  library="AntDesign"
  style={
    Array [
      Object {
        "color": "#FFD14A",
        "fontSize": 24,
      },
      undefined,
      Object {
        "fontFamily": "anticon",
        "fontStyle": "normal",
        "fontWeight": "normal",
      },
      Object {},
    ]
  }
>
  
</Text>
`;
